[02:21:26] [INFO] UserController::login (form)
[02:21:26] [INFO] UserController::login (form)
[02:21:28] [INFO] UserController::procesarLogin
[02:21:28] [INFO] SQL: SELECT * FROM users WHERE usuario = ? [lucasm]
[02:21:28] [WARNING] UserController::procesarLogin - Credenciales inválidas: lucasm
[02:21:28] [INFO] UserController::login (form)
[02:21:32] [INFO] UserController::procesarLogin
[02:21:32] [INFO] SQL: SELECT * FROM users WHERE usuario = ? [lucasm]
[02:21:32] [WARNING] UserController::procesarLogin - Credenciales inválidas: lucasm
[02:21:32] [INFO] UserController::login (form)
[02:21:56] [INFO] UserController::registro (form)
[02:21:56] [INFO] UserController::login (form)
[02:22:15] [INFO] UserController::procesarRegistro
[02:22:15] [INFO] SQL: SELECT * FROM users WHERE email = ? [lucasmarron25@gmail.com]
[02:22:15] [INFO] SQL: SELECT * FROM users WHERE usuario = ? [lucasm]
[02:22:15] [INFO] SQL: INSERT INTO users (nombre_completo, anio_nacimiento, sexo, pais, ciudad, email, password, usuario, foto_perfil, validado) 
                VALUES (?, ?, ?, ?, ?, ?, ?, ?, ?, FALSE)
[02:22:15] [INFO] UserController::login (form)
[02:22:28] [INFO] UserController::registro (form)
[02:22:28] [INFO] UserController::login (form)
[02:26:53] [INFO] UserController::registro (form)
[02:26:53] [INFO] UserController::login (form)
[02:26:54] [INFO] UserController::home
[02:26:54] [INFO] UserController::login (form)
[02:26:55] [INFO] UserController::login (form)
[02:26:55] [INFO] UserController::login (form)
[02:26:57] [INFO] UserController::registro (form)
[02:26:57] [INFO] UserController::login (form)
[02:27:17] [INFO] UserController::procesarRegistro
[02:27:17] [INFO] SQL: SELECT * FROM users WHERE email = ? [lucasmarron25@gmail.com]
[02:27:17] [INFO] SQL: SELECT * FROM users WHERE usuario = ? [lucasm]
[02:27:17] [INFO] SQL: INSERT INTO users (nombre_completo, anio_nacimiento, sexo, pais, ciudad, email, password, usuario, foto_perfil, validado) 
                VALUES (?, ?, ?, ?, ?, ?, ?, ?, ?, FALSE)
[02:27:17] [INFO] UserController::procesarRegistro - Usuario registrado: lucasm. Token generado: 548005
[02:27:21] [INFO] UserController::validarCuenta (form)
[02:27:21] [INFO] UserController::login (form)
[02:27:33] [INFO] UserController::procesarValidacion
[02:27:33] [INFO] UserController::procesarValidacion - Token correcto para: lucasmarron25@gmail.com
[02:27:34] [INFO] UserController::login (form)
[02:27:34] [INFO] UserController::login (form)
[02:27:35] [INFO] UserController::procesarLogin
[02:27:35] [INFO] SQL: SELECT * FROM users WHERE usuario = ? [lucasm]
[02:27:36] [WARNING] UserController::procesarLogin - Credenciales inválidas: lucasm
[02:27:36] [INFO] UserController::login (form)
[02:27:41] [INFO] UserController::procesarLogin
[02:27:41] [INFO] SQL: SELECT * FROM users WHERE usuario = ? [lucasm]
[02:27:41] [INFO] UserController::procesarLogin - Login exitoso: lucasm
[02:27:41] [INFO] UserController::perfil
[02:27:41] [INFO] SQL: SELECT * FROM users WHERE id = ? [1]
[02:27:41] [INFO] SQL: SELECT COUNT(*) AS ganadas FROM partidas WHERE usuario_id = ? AND puntaje = ? [1, 4]
[02:27:41] [INFO] UserController::qr
[02:27:42] [INFO] UserController::home
[02:27:42] [INFO] UserController::lobby
[02:27:42] [INFO] SQL: SELECT * FROM users WHERE id = ? [1]
[02:27:46] [INFO] UserController::perfil
[02:27:46] [INFO] SQL: SELECT * FROM users WHERE id = ? [1]
[02:27:46] [INFO] SQL: SELECT COUNT(*) AS ganadas FROM partidas WHERE usuario_id = ? AND puntaje = ? [1, 4]
[02:27:46] [INFO] UserController::qr
[02:27:47] [INFO] UserController::home
[02:27:47] [INFO] UserController::lobby
[02:27:47] [INFO] SQL: SELECT * FROM users WHERE id = ? [1]
[02:27:56] [INFO] UserController::publico
[02:27:56] [INFO] SQL: SELECT * FROM users WHERE id = ? [1]
[02:27:56] [INFO] SQL: SELECT COUNT(*) AS ganadas FROM partidas WHERE usuario_id = ? AND puntaje = ? [1, 4]
[02:27:56] [INFO] UserController::home
[02:27:56] [INFO] UserController::lobby
[02:27:56] [INFO] SQL: SELECT * FROM users WHERE id = ? [1]
[02:27:59] [INFO] UserController::lobby
[02:27:59] [INFO] SQL: SELECT * FROM users WHERE id = ? [1]
[02:27:59] [INFO] UserController::home
[02:27:59] [INFO] UserController::lobby
[02:27:59] [INFO] SQL: SELECT * FROM users WHERE id = ? [1]
[02:28:04] [INFO] UserController::home
[02:28:04] [INFO] UserController::lobby
[02:28:04] [INFO] SQL: SELECT * FROM users WHERE id = ? [1]
[02:28:23] [INFO] UserController::home
[02:28:23] [INFO] UserController::lobby
[02:28:23] [INFO] SQL: SELECT * FROM users WHERE id = ? [1]
[02:28:27] [INFO] UserController::home
[02:28:27] [INFO] UserController::lobby
[02:28:27] [INFO] SQL: SELECT * FROM users WHERE id = ? [1]
[02:28:28] [INFO] UserController::home
[02:28:28] [INFO] UserController::lobby
[02:28:28] [INFO] SQL: SELECT * FROM users WHERE id = ? [1]
[02:28:29] [INFO] UserController::lobby
[02:28:29] [INFO] SQL: SELECT * FROM users WHERE id = ? [1]
[02:28:29] [INFO] UserController::home
[02:28:29] [INFO] UserController::lobby
[02:28:29] [INFO] SQL: SELECT * FROM users WHERE id = ? [1]
[02:29:04] [INFO] UserController::logout
[02:29:04] [INFO] UserController::home
[02:29:04] [INFO] UserController::login (form)
[02:29:06] [INFO] UserController::login (form)
[02:29:06] [INFO] UserController::login (form)
[02:29:24] [INFO] UserController::procesarLogin
[02:29:24] [INFO] UserController::procesarLogin - Login de staff: admin
[02:29:24] [INFO] AdminController::dashboard
[02:29:25] [INFO] AdminController::dashboard
[02:29:42] [INFO] AdminController::preguntas
[02:29:42] [INFO] AdminController::dashboard
[02:29:48] [INFO] AdminController::eliminarPregunta - ID: 36
[02:29:48] [INFO] AdminController::preguntas
[02:29:48] [INFO] AdminController::dashboard
[02:29:50] [INFO] AdminController::agregarPregunta
[02:29:50] [INFO] AdminController::dashboard
[02:30:03] [INFO] AdminController::procesarAgregarPregunta
[02:30:03] [INFO] AdminController::preguntas
[02:30:03] [INFO] AdminController::dashboard
[02:30:06] [INFO] AdminController::agregarPregunta
[02:30:06] [INFO] AdminController::dashboard
[02:30:20] [INFO] AdminController::procesarAgregarPregunta
[02:30:20] [INFO] AdminController::preguntas
[02:30:20] [INFO] AdminController::dashboard
[02:30:21] [INFO] AdminController::agregarPregunta
[02:30:21] [INFO] AdminController::dashboard
[02:30:34] [INFO] AdminController::procesarAgregarPregunta
[02:30:34] [INFO] AdminController::preguntas
[02:30:34] [INFO] AdminController::dashboard
[02:30:36] [INFO] AdminController::dashboard
[02:30:36] [INFO] AdminController::dashboard
[02:30:40] [INFO] UserController::home
[02:30:40] [INFO] AdminController::dashboard
[02:30:40] [INFO] AdminController::dashboard
[02:30:41] [INFO] UserController::logout
[02:30:41] [INFO] UserController::home
[02:30:41] [INFO] UserController::login (form)
[02:30:42] [INFO] UserController::login (form)
[02:30:42] [INFO] UserController::login (form)
[02:30:47] [INFO] UserController::procesarLogin
[02:30:47] [INFO] SQL: SELECT * FROM users WHERE usuario = ? [lucasm]
[02:30:47] [INFO] UserController::procesarLogin - Login exitoso: lucasm
[02:30:47] [INFO] UserController::perfil
[02:30:47] [INFO] SQL: SELECT * FROM users WHERE id = ? [1]
[02:30:47] [INFO] SQL: SELECT COUNT(*) AS ganadas FROM partidas WHERE usuario_id = ? AND puntaje = ? [1, 4]
[02:30:47] [INFO] UserController::qr
[02:30:48] [INFO] UserController::home
[02:30:48] [INFO] UserController::lobby
[02:30:48] [INFO] SQL: SELECT * FROM users WHERE id = ? [1]
[02:30:58] [INFO] UserController::lobby
[02:30:58] [INFO] SQL: SELECT * FROM users WHERE id = ? [1]
[02:30:58] [INFO] UserController::home
[02:30:58] [INFO] UserController::lobby
[02:30:58] [INFO] SQL: SELECT * FROM users WHERE id = ? [1]
[02:30:59] [INFO] UserController::home
[02:30:59] [INFO] UserController::lobby
[02:30:59] [INFO] SQL: SELECT * FROM users WHERE id = ? [1]
[02:31:18] [INFO] UserController::home
[02:31:18] [INFO] UserController::lobby
[02:31:18] [INFO] SQL: SELECT * FROM users WHERE id = ? [1]
[02:31:20] [INFO] UserController::home
[02:31:20] [INFO] UserController::lobby
[02:31:20] [INFO] SQL: SELECT * FROM users WHERE id = ? [1]
[02:31:22] [INFO] UserController::home
[02:31:22] [INFO] UserController::lobby
[02:31:22] [INFO] SQL: SELECT * FROM users WHERE id = ? [1]
[02:31:23] [INFO] UserController::lobby
[02:31:23] [INFO] SQL: SELECT * FROM users WHERE id = ? [1]
[02:31:23] [INFO] UserController::home
[02:31:23] [INFO] UserController::lobby
[02:31:23] [INFO] SQL: SELECT * FROM users WHERE id = ? [1]
[02:31:25] [INFO] UserController::home
[02:31:25] [INFO] UserController::lobby
[02:31:25] [INFO] SQL: SELECT * FROM users WHERE id = ? [1]
[02:31:36] [INFO] UserController::home
[02:31:36] [INFO] UserController::lobby
[02:31:36] [INFO] SQL: SELECT * FROM users WHERE id = ? [1]
[02:31:38] [INFO] UserController::lobby
[02:31:38] [INFO] SQL: SELECT * FROM users WHERE id = ? [1]
[02:31:38] [INFO] UserController::home
[02:31:38] [INFO] UserController::lobby
[02:31:38] [INFO] SQL: SELECT * FROM users WHERE id = ? [1]
[02:31:40] [INFO] UserController::home
[02:31:40] [INFO] UserController::lobby
[02:31:40] [INFO] SQL: SELECT * FROM users WHERE id = ? [1]
[02:31:53] [INFO] UserController::home
[02:31:53] [INFO] UserController::lobby
[02:31:53] [INFO] SQL: SELECT * FROM users WHERE id = ? [1]
[02:32:23] [INFO] UserController::lobby
[02:32:23] [INFO] SQL: SELECT * FROM users WHERE id = ? [1]
[02:32:23] [INFO] UserController::home
[02:32:23] [INFO] UserController::lobby
[02:32:23] [INFO] SQL: SELECT * FROM users WHERE id = ? [1]
[02:32:45] [INFO] UserController::logout
[02:32:45] [INFO] UserController::home
[02:32:46] [INFO] UserController::login (form)
[02:32:47] [INFO] UserController::login (form)
[02:32:47] [INFO] UserController::login (form)
[02:32:57] [INFO] UserController::procesarLogin
[02:32:57] [INFO] SQL: SELECT * FROM users WHERE usuario = ? [admin]
[02:32:57] [WARNING] UserController::procesarLogin - Credenciales inválidas: admin
[02:32:57] [INFO] UserController::login (form)
[02:33:07] [INFO] UserController::procesarLogin
[02:33:07] [INFO] UserController::procesarLogin - Login de staff: admin
[02:33:07] [INFO] AdminController::dashboard
[02:33:07] [INFO] AdminController::dashboard
[02:33:27] [INFO] AdminController::reportes
[02:33:27] [INFO] AdminController::dashboard
[02:33:37] [INFO] AdminController::reportesPdf
[02:33:55] [INFO] AdminController::dashboard
[02:33:55] [INFO] AdminController::dashboard
[02:33:58] [INFO] AdminController::reportadas
[02:33:58] [INFO] AdminController::dashboard
[02:34:09] [INFO] UserController::home
[02:34:09] [INFO] AdminController::dashboard
[02:34:09] [INFO] AdminController::dashboard
[02:35:38] [INFO] UserController::home
[02:35:38] [INFO] AdminController::dashboard
[02:35:39] [INFO] AdminController::dashboard
[02:35:45] [INFO] UserController::home
[02:35:45] [INFO] AdminController::dashboard
[02:35:45] [INFO] AdminController::dashboard
[02:36:09] [INFO] UserController::logout
[02:36:09] [INFO] UserController::home
[02:36:09] [INFO] UserController::login (form)
[02:36:10] [INFO] UserController::login (form)
[02:36:10] [INFO] UserController::login (form)
[02:36:16] [INFO] UserController::procesarLogin
[02:36:16] [INFO] SQL: SELECT * FROM users WHERE usuario = ? [lucasm]
[02:36:16] [INFO] UserController::procesarLogin - Login exitoso: lucasm
[02:36:16] [INFO] UserController::perfil
[02:36:16] [INFO] SQL: SELECT * FROM users WHERE id = ? [1]
[02:36:16] [INFO] SQL: SELECT COUNT(*) AS ganadas FROM partidas WHERE usuario_id = ? AND puntaje = ? [1, 4]
[02:36:16] [INFO] UserController::qr
[02:36:16] [INFO] UserController::home
[02:36:16] [INFO] UserController::lobby
[02:36:16] [INFO] SQL: SELECT * FROM users WHERE id = ? [1]
[02:36:27] [INFO] UserController::lobby
[02:36:27] [INFO] SQL: SELECT * FROM users WHERE id = ? [1]
[02:36:27] [INFO] UserController::home
[02:36:27] [INFO] UserController::lobby
[02:36:27] [INFO] SQL: SELECT * FROM users WHERE id = ? [1]
[02:36:48] [INFO] UserController::perfil
[02:36:48] [INFO] SQL: SELECT * FROM users WHERE id = ? [1]
[02:36:48] [INFO] SQL: SELECT COUNT(*) AS ganadas FROM partidas WHERE usuario_id = ? AND puntaje = ? [1, 4]
[02:36:48] [INFO] UserController::qr
[02:36:48] [INFO] UserController::home
[02:36:49] [INFO] UserController::lobby
[02:36:49] [INFO] SQL: SELECT * FROM users WHERE id = ? [1]
[02:39:10] [INFO] UserController::home
[02:39:10] [INFO] UserController::lobby
[02:39:10] [INFO] SQL: SELECT * FROM users WHERE id = ? [1]
[02:39:10] [INFO] UserController::home
[02:39:10] [INFO] UserController::lobby
[02:39:10] [INFO] SQL: SELECT * FROM users WHERE id = ? [1]
[02:39:12] [INFO] UserController::ranking
[02:39:12] [INFO] SQL: SELECT id, nombre_completo, usuario, puntaje FROM users ORDER BY puntaje DESC
[02:39:12] [INFO] SQL: SELECT * FROM users WHERE id = ? [1]
[02:39:12] [INFO] UserController::home
[02:39:12] [INFO] UserController::lobby
[02:39:12] [INFO] SQL: SELECT * FROM users WHERE id = ? [1]
[02:39:14] [INFO] UserController::lobby
[02:39:14] [INFO] SQL: SELECT * FROM users WHERE id = ? [1]
[02:39:14] [INFO] UserController::home
[02:39:14] [INFO] UserController::lobby
[02:39:14] [INFO] SQL: SELECT * FROM users WHERE id = ? [1]
[02:41:07] [INFO] UserController::perfil
[02:41:07] [INFO] SQL: SELECT * FROM users WHERE id = ? [1]
[02:41:07] [INFO] SQL: SELECT COUNT(*) AS ganadas FROM partidas WHERE usuario_id = ? AND puntaje = ? [1, 4]
[02:41:07] [INFO] UserController::qr
[02:41:07] [INFO] UserController::home
[02:41:07] [INFO] UserController::lobby
[02:41:07] [INFO] SQL: SELECT * FROM users WHERE id = ? [1]
[02:49:16] [INFO] UserController::perfil
[02:49:16] [INFO] SQL: SELECT * FROM users WHERE id = ? [1]
[02:49:16] [INFO] SQL: SELECT COUNT(*) AS ganadas FROM partidas WHERE usuario_id = ? AND puntaje = ? [1, 4]
[02:49:16] [INFO] UserController::qr
[02:49:16] [INFO] UserController::home
[02:49:16] [INFO] UserController::lobby
[02:49:16] [INFO] SQL: SELECT * FROM users WHERE id = ? [1]
[02:49:18] [INFO] UserController::perfil
[02:49:18] [INFO] SQL: SELECT * FROM users WHERE id = ? [1]
[02:49:18] [INFO] SQL: SELECT COUNT(*) AS ganadas FROM partidas WHERE usuario_id = ? AND puntaje = ? [1, 4]
[02:49:18] [INFO] UserController::qr
[02:49:19] [INFO] UserController::home
[02:49:19] [INFO] UserController::lobby
[02:49:19] [INFO] SQL: SELECT * FROM users WHERE id = ? [1]
[02:49:25] [INFO] UserController::lobby
[02:49:25] [INFO] SQL: SELECT * FROM users WHERE id = ? [1]
[02:49:25] [INFO] UserController::home
[02:49:25] [INFO] UserController::lobby
[02:49:25] [INFO] SQL: SELECT * FROM users WHERE id = ? [1]
[02:49:26] [INFO] UserController::home
[02:49:26] [INFO] UserController::lobby
[02:49:26] [INFO] SQL: SELECT * FROM users WHERE id = ? [1]
[02:49:32] [INFO] UserController::home
[02:49:32] [INFO] UserController::lobby
[02:49:32] [INFO] SQL: SELECT * FROM users WHERE id = ? [1]
[02:49:34] [INFO] UserController::home
[02:49:34] [INFO] UserController::lobby
[02:49:34] [INFO] SQL: SELECT * FROM users WHERE id = ? [1]
[02:49:36] [INFO] UserController::home
[02:49:36] [INFO] UserController::lobby
[02:49:36] [INFO] SQL: SELECT * FROM users WHERE id = ? [1]
[02:49:38] [INFO] UserController::home
[02:49:38] [INFO] UserController::lobby
[02:49:38] [INFO] SQL: SELECT * FROM users WHERE id = ? [1]
[02:49:39] [INFO] UserController::lobby
[02:49:39] [INFO] SQL: SELECT * FROM users WHERE id = ? [1]
[02:49:40] [INFO] UserController::home
[02:49:40] [INFO] UserController::lobby
[02:49:40] [INFO] SQL: SELECT * FROM users WHERE id = ? [1]
[02:49:41] [INFO] UserController::perfil
[02:49:41] [INFO] SQL: SELECT * FROM users WHERE id = ? [1]
[02:49:41] [INFO] SQL: SELECT COUNT(*) AS ganadas FROM partidas WHERE usuario_id = ? AND puntaje = ? [1, 4]
[02:49:41] [INFO] UserController::qr
[02:49:42] [INFO] UserController::home
[02:49:42] [INFO] UserController::lobby
[02:49:42] [INFO] SQL: SELECT * FROM users WHERE id = ? [1]
[02:49:47] [INFO] UserController::lobby
[02:49:47] [INFO] SQL: SELECT * FROM users WHERE id = ? [1]
[02:49:48] [INFO] UserController::home
[02:49:48] [INFO] UserController::lobby
[02:49:48] [INFO] SQL: SELECT * FROM users WHERE id = ? [1]
[02:49:48] [INFO] UserController::home
[02:49:48] [INFO] UserController::lobby
[02:49:48] [INFO] SQL: SELECT * FROM users WHERE id = ? [1]
[02:49:54] [INFO] UserController::home
[02:49:54] [INFO] UserController::lobby
[02:49:54] [INFO] SQL: SELECT * FROM users WHERE id = ? [1]
[02:49:54] [INFO] UserController::lobby
[02:49:54] [INFO] SQL: SELECT * FROM users WHERE id = ? [1]
[02:49:54] [INFO] UserController::home
[02:49:54] [INFO] UserController::lobby
[02:49:54] [INFO] SQL: SELECT * FROM users WHERE id = ? [1]
[02:50:49] [INFO] UserController::logout
[02:50:49] [INFO] UserController::home
[02:50:49] [INFO] UserController::login (form)
[02:51:58] [INFO] UserController::qr
[02:51:58] [INFO] UserController::login (form)
[02:54:21] [INFO] UserController::login (form)
[02:54:24] [INFO] UserController::login (form)
[02:54:28] [INFO] UserController::procesarLogin
[02:54:28] [INFO] SQL: SELECT * FROM users WHERE usuario = ? [lucasm]
[02:54:28] [WARNING] UserController::procesarLogin - Credenciales inválidas: lucasm
[02:54:28] [INFO] UserController::login (form)
[02:54:32] [INFO] UserController::procesarLogin
[02:54:32] [INFO] SQL: SELECT * FROM users WHERE usuario = ? [lucasm]
[02:54:32] [INFO] UserController::procesarLogin - Login exitoso: lucasm
[02:54:32] [INFO] UserController::perfil
[02:54:32] [INFO] SQL: SELECT * FROM users WHERE id = ? [1]
[02:54:32] [INFO] SQL: SELECT COUNT(*) AS ganadas FROM partidas WHERE usuario_id = ? AND puntaje = ? [1, 4]
[02:54:32] [INFO] UserController::qr
[02:54:33] [INFO] UserController::home
[02:54:33] [INFO] UserController::lobby
[02:54:33] [INFO] SQL: SELECT * FROM users WHERE id = ? [1]
[03:01:06] [INFO] UserController::home
[03:01:06] [INFO] UserController::lobby
[03:01:06] [INFO] SQL: SELECT * FROM users WHERE id = ? [1]
[03:01:06] [INFO] UserController::home
[03:01:06] [INFO] UserController::lobby
[03:01:06] [INFO] SQL: SELECT * FROM users WHERE id = ? [1]
[03:04:04] [INFO] UserController::home
[03:04:04] [INFO] UserController::lobby
[03:04:04] [INFO] SQL: SELECT * FROM users WHERE id = ? [1]
[03:04:04] [INFO] UserController::home
[03:04:04] [INFO] UserController::lobby
[03:04:04] [INFO] SQL: SELECT * FROM users WHERE id = ? [1]
[03:04:08] [INFO] UserController::logout
[03:04:08] [INFO] UserController::home
[03:04:08] [INFO] UserController::login (form)
[03:04:09] [INFO] UserController::login (form)
[03:04:09] [INFO] UserController::login (form)
[03:04:10] [INFO] UserController::procesarLogin
[03:04:10] [INFO] SQL: SELECT * FROM users WHERE usuario = ? [lucasm]
[03:04:10] [WARNING] UserController::procesarLogin - Credenciales inválidas: lucasm
[03:04:10] [INFO] UserController::login (form)
[03:04:14] [INFO] UserController::procesarLogin
[03:04:14] [INFO] SQL: SELECT * FROM users WHERE usuario = ? [lucasm]
[03:04:14] [INFO] UserController::procesarLogin - Login exitoso: lucasm
[03:04:14] [INFO] UserController::lobby
[03:04:14] [INFO] SQL: SELECT * FROM users WHERE id = ? [1]
[03:04:14] [INFO] UserController::home
[03:04:14] [INFO] UserController::lobby
[03:04:14] [INFO] SQL: SELECT * FROM users WHERE id = ? [1]
[19:14:58] [INFO] UserController::home
[19:14:58] [INFO] AdminController::dashboard
[19:14:58] [INFO] AdminController::dashboard
[19:15:00] [INFO] UserController::logout
[19:15:00] [INFO] UserController::home
[19:15:00] [INFO] UserController::login (form)
[19:15:01] [INFO] UserController::login (form)
[19:15:01] [INFO] UserController::login (form)
[19:15:03] [INFO] UserController::procesarLogin
[19:15:03] [INFO] SQL: SELECT * FROM users WHERE usuario = ? [asd1234]
[19:15:03] [INFO] UserController::procesarLogin - Login exitoso: asd1234
[19:15:03] [INFO] UserController::lobby
[19:15:03] [INFO] SQL: SELECT * FROM users WHERE id = ? [1]
[19:15:03] [INFO] UserController::home
[19:15:03] [INFO] UserController::lobby
[19:15:03] [INFO] SQL: SELECT * FROM users WHERE id = ? [1]
[19:15:05] [INFO] UserController::perfil
[19:15:05] [INFO] SQL: SELECT * FROM users WHERE id = ? [1]
[19:15:05] [INFO] SQL: SELECT COUNT(*) AS ganadas FROM partidas WHERE usuario_id = ? AND puntaje = ? [1, 4]
[19:15:05] [INFO] UserController::qr
[19:15:06] [INFO] UserController::home
[19:15:06] [INFO] UserController::lobby
[19:15:06] [INFO] SQL: SELECT * FROM users WHERE id = ? [1]
[19:15:09] [INFO] UserController::cambiarFotoPerfil
[19:15:09] [INFO] SQL: SELECT * FROM users WHERE id = ? [1]
[19:15:09] [INFO] SQL: UPDATE users SET nombre_completo = ?, anio_nacimiento = ?, sexo = ?, pais = ?, ciudad = ?, foto_perfil = ? WHERE id = ?
[19:15:10] [INFO] UserController::perfil
[19:15:10] [INFO] SQL: SELECT * FROM users WHERE id = ? [1]
[19:15:10] [INFO] SQL: SELECT COUNT(*) AS ganadas FROM partidas WHERE usuario_id = ? AND puntaje = ? [1, 4]
[19:15:10] [INFO] UserController::qr
[19:15:10] [INFO] UserController::home
[19:15:10] [INFO] UserController::lobby
[19:15:10] [INFO] SQL: SELECT * FROM users WHERE id = ? [1]
[19:15:12] [INFO] UserController::eliminarFotoPerfil
[19:15:12] [INFO] SQL: SELECT * FROM users WHERE id = ? [1]
[19:15:12] [INFO] SQL: UPDATE users SET nombre_completo = ?, anio_nacimiento = ?, sexo = ?, pais = ?, ciudad = ?, foto_perfil = ? WHERE id = ?
[19:15:12] [INFO] UserController::perfil
[19:15:12] [INFO] SQL: SELECT * FROM users WHERE id = ? [1]
[19:15:12] [INFO] SQL: SELECT COUNT(*) AS ganadas FROM partidas WHERE usuario_id = ? AND puntaje = ? [1, 4]
[19:15:12] [INFO] UserController::qr
[19:15:12] [INFO] UserController::home
[19:15:12] [INFO] UserController::lobby
[19:15:12] [INFO] SQL: SELECT * FROM users WHERE id = ? [1]
[19:15:16] [INFO] UserController::cambiarFotoPerfil
[19:15:16] [INFO] SQL: SELECT * FROM users WHERE id = ? [1]
[19:15:16] [INFO] SQL: UPDATE users SET nombre_completo = ?, anio_nacimiento = ?, sexo = ?, pais = ?, ciudad = ?, foto_perfil = ? WHERE id = ?
[19:15:16] [INFO] UserController::perfil
[19:15:16] [INFO] SQL: SELECT * FROM users WHERE id = ? [1]
[19:15:16] [INFO] SQL: SELECT COUNT(*) AS ganadas FROM partidas WHERE usuario_id = ? AND puntaje = ? [1, 4]
[19:15:16] [INFO] UserController::qr
[19:15:17] [INFO] UserController::home
[19:15:17] [INFO] UserController::lobby
[19:15:17] [INFO] SQL: SELECT * FROM users WHERE id = ? [1]
[19:15:19] [INFO] UserController::editarPerfil
[19:15:19] [INFO] SQL: SELECT * FROM users WHERE id = ? [1]
[19:15:20] [INFO] UserController::home
[19:15:20] [INFO] UserController::lobby
[19:15:20] [INFO] SQL: SELECT * FROM users WHERE id = ? [1]
[19:15:21] [INFO] UserController::perfil
[19:15:21] [INFO] SQL: SELECT * FROM users WHERE id = ? [1]
[19:15:21] [INFO] SQL: SELECT COUNT(*) AS ganadas FROM partidas WHERE usuario_id = ? AND puntaje = ? [1, 4]
[19:15:21] [INFO] UserController::qr
[19:15:22] [INFO] UserController::home
[19:15:22] [INFO] UserController::lobby
[19:15:22] [INFO] SQL: SELECT * FROM users WHERE id = ? [1]
[19:15:23] [INFO] UserController::perfil
[19:15:23] [INFO] SQL: SELECT * FROM users WHERE id = ? [1]
[19:15:23] [INFO] SQL: SELECT COUNT(*) AS ganadas FROM partidas WHERE usuario_id = ? AND puntaje = ? [1, 4]
[19:15:24] [INFO] UserController::qr
[19:15:24] [INFO] UserController::home
[19:15:24] [INFO] UserController::lobby
[19:15:24] [INFO] SQL: SELECT * FROM users WHERE id = ? [1]
[19:15:27] [INFO] UserController::lobby
[19:15:27] [INFO] SQL: SELECT * FROM users WHERE id = ? [1]
[19:15:27] [INFO] UserController::home
[19:15:27] [INFO] UserController::lobby
[19:15:27] [INFO] SQL: SELECT * FROM users WHERE id = ? [1]
[19:15:29] [INFO] UserController::home
[19:15:29] [INFO] UserController::lobby
[19:15:29] [INFO] SQL: SELECT * FROM users WHERE id = ? [1]
[19:15:39] [INFO] UserController::home
[19:15:39] [INFO] UserController::lobby
[19:15:39] [INFO] SQL: SELECT * FROM users WHERE id = ? [1]
[19:16:09] [INFO] UserController::lobby
[19:16:09] [INFO] SQL: SELECT * FROM users WHERE id = ? [1]
[19:16:09] [INFO] UserController::home
[19:16:09] [INFO] UserController::lobby
[19:16:09] [INFO] SQL: SELECT * FROM users WHERE id = ? [1]
[19:16:10] [INFO] UserController::home
[19:16:10] [INFO] UserController::lobby
[19:16:10] [INFO] SQL: SELECT * FROM users WHERE id = ? [1]
[19:16:13] [INFO] UserController::home
[19:16:13] [INFO] UserController::lobby
[19:16:13] [INFO] SQL: SELECT * FROM users WHERE id = ? [1]
[19:16:23] [INFO] UserController::home
[19:16:23] [INFO] UserController::lobby
[19:16:23] [INFO] SQL: SELECT * FROM users WHERE id = ? [1]
[19:16:24] [INFO] UserController::lobby
[19:16:24] [INFO] SQL: SELECT * FROM users WHERE id = ? [1]
[19:16:24] [INFO] UserController::home
[19:16:24] [INFO] UserController::lobby
[19:16:24] [INFO] SQL: SELECT * FROM users WHERE id = ? [1]
[19:17:04] [INFO] UserController::home
[19:17:04] [INFO] UserController::lobby
[19:17:04] [INFO] SQL: SELECT * FROM users WHERE id = ? [1]
[19:18:12] [INFO] UserController::home
[19:18:12] [INFO] UserController::lobby
[19:18:12] [INFO] SQL: SELECT * FROM users WHERE id = ? [1]
[19:18:12] [INFO] UserController::home
[19:18:12] [INFO] UserController::lobby
[19:18:12] [INFO] SQL: SELECT * FROM users WHERE id = ? [1]
[19:23:40] [INFO] UserController::lobby
[19:23:40] [INFO] SQL: SELECT * FROM users WHERE id = ? [1]
[19:23:41] [INFO] UserController::home
[19:23:41] [INFO] UserController::lobby
[19:23:41] [INFO] SQL: SELECT * FROM users WHERE id = ? [1]
[19:23:42] [INFO] UserController::home
[19:23:42] [INFO] UserController::lobby
[19:23:42] [INFO] SQL: SELECT * FROM users WHERE id = ? [1]
[19:23:52] [INFO] UserController::home
[19:23:52] [INFO] UserController::lobby
[19:23:52] [INFO] SQL: SELECT * FROM users WHERE id = ? [1]
[19:23:53] [INFO] UserController::lobby
[19:23:53] [INFO] SQL: SELECT * FROM users WHERE id = ? [1]
[19:23:53] [INFO] UserController::home
[19:23:53] [INFO] UserController::lobby
[19:23:53] [INFO] SQL: SELECT * FROM users WHERE id = ? [1]
[19:23:55] [INFO] UserController::perfil
[19:23:55] [INFO] SQL: SELECT * FROM users WHERE id = ? [1]
[19:23:55] [INFO] SQL: SELECT COUNT(*) AS ganadas FROM partidas WHERE usuario_id = ? AND puntaje = ? [1, 4]
[19:23:55] [INFO] UserController::qr
[19:23:56] [INFO] UserController::home
[19:23:56] [INFO] UserController::lobby
[19:23:56] [INFO] SQL: SELECT * FROM users WHERE id = ? [1]
[19:23:58] [INFO] UserController::logout
[19:23:58] [INFO] UserController::home
[19:23:58] [INFO] UserController::login (form)
[19:23:59] [INFO] UserController::login (form)
[19:23:59] [INFO] UserController::login (form)
[19:24:01] [INFO] UserController::procesarLogin
[19:24:01] [INFO] SQL: SELECT * FROM users WHERE usuario = ? [Admin]
[19:24:01] [INFO] UserController::procesarLogin - Login exitoso: Admin
[19:24:01] [INFO] UserController::lobby
[19:24:01] [INFO] SQL: SELECT * FROM users WHERE id = ? [2]
[19:24:01] [INFO] UserController::home
[19:24:01] [INFO] UserController::lobby
[19:24:01] [INFO] SQL: SELECT * FROM users WHERE id = ? [2]
[19:24:04] [INFO] UserController::login (form)
[19:24:05] [INFO] UserController::home
[19:24:05] [INFO] UserController::lobby
[19:24:05] [INFO] SQL: SELECT * FROM users WHERE id = ? [2]
[19:24:05] [INFO] UserController::login (form)
[19:24:05] [INFO] UserController::home
[19:24:05] [INFO] UserController::lobby
[19:24:05] [INFO] SQL: SELECT * FROM users WHERE id = ? [2]
[19:25:50] [INFO] UserController::login (form)
[19:25:50] [INFO] UserController::home
[19:25:50] [INFO] UserController::lobby
[19:25:50] [INFO] SQL: SELECT * FROM users WHERE id = ? [2]
[19:25:53] [INFO] UserController::procesarLogin
[19:25:53] [INFO] SQL: SELECT * FROM users WHERE usuario = ? [Admin]
[19:25:53] [INFO] UserController::procesarLogin - Login exitoso: Admin
[19:25:53] [INFO] UserController::lobby
[19:25:53] [INFO] SQL: SELECT * FROM users WHERE id = ? [2]
[19:25:53] [INFO] UserController::home
[19:25:53] [INFO] UserController::lobby
[19:25:53] [INFO] SQL: SELECT * FROM users WHERE id = ? [2]
[19:25:58] [INFO] UserController::lobby
[19:25:58] [INFO] SQL: SELECT * FROM users WHERE id = ? [2]
[19:25:59] [INFO] UserController::home
[19:25:59] [INFO] UserController::lobby
[19:25:59] [INFO] SQL: SELECT * FROM users WHERE id = ? [2]
[19:28:38] [INFO] UserController::perfil
[19:28:38] [INFO] SQL: SELECT * FROM users WHERE id = ? [2]
[19:28:38] [INFO] SQL: SELECT COUNT(*) AS ganadas FROM partidas WHERE usuario_id = ? AND puntaje = ? [2, 4]
[19:28:38] [INFO] UserController::qr
[19:28:39] [INFO] UserController::home
[19:28:39] [INFO] UserController::lobby
[19:28:39] [INFO] SQL: SELECT * FROM users WHERE id = ? [2]
[19:28:40] [INFO] UserController::logout
[19:28:40] [INFO] UserController::home
[19:28:40] [INFO] UserController::login (form)
[19:28:41] [INFO] UserController::login (form)
[19:28:41] [INFO] UserController::login (form)
[19:28:42] [INFO] UserController::procesarLogin
[19:28:42] [INFO] SQL: SELECT * FROM users WHERE usuario = ? [Admin]
[19:28:43] [INFO] UserController::procesarLogin - Login exitoso: Admin
[19:28:43] [INFO] AdminController::dashboard
[19:28:43] [INFO] AdminController::dashboard
[19:28:44] [INFO] AdminController::preguntas
[19:28:44] [INFO] AdminController::dashboard
[19:28:45] [INFO] AdminController::dashboard
[19:28:45] [INFO] AdminController::dashboard
[19:28:46] [INFO] AdminController::agregarPregunta
[19:28:46] [INFO] AdminController::dashboard
[19:28:47] [INFO] AdminController::preguntas
[19:28:47] [INFO] AdminController::dashboard
[19:28:48] [INFO] AdminController::dashboard
[19:28:49] [INFO] AdminController::dashboard
[19:28:49] [INFO] AdminController::sugeridas
[19:28:49] [INFO] AdminController::dashboard
[19:28:50] [INFO] AdminController::dashboard
[19:28:50] [INFO] AdminController::dashboard
[19:28:51] [INFO] AdminController::reportadas
[19:28:51] [INFO] AdminController::dashboard
[19:28:51] [INFO] AdminController::dashboard
[19:28:51] [INFO] AdminController::dashboard
[19:28:54] [INFO] AdminController::reportes
[19:28:54] [INFO] AdminController::dashboard
[19:28:54] [INFO] AdminController::dashboard
[19:28:55] [INFO] AdminController::dashboard
[19:28:55] [INFO] UserController::logout
[19:28:55] [INFO] UserController::home
[19:28:55] [INFO] UserController::login (form)
[19:28:56] [INFO] UserController::login (form)
[19:28:56] [INFO] UserController::login (form)
[19:28:58] [INFO] UserController::procesarLogin
[19:28:58] [INFO] SQL: SELECT * FROM users WHERE usuario = ? [asd1234]
[19:28:58] [INFO] UserController::procesarLogin - Login exitoso: asd1234
[19:28:58] [INFO] UserController::lobby
[19:28:58] [INFO] SQL: SELECT * FROM users WHERE id = ? [1]
[19:28:58] [INFO] UserController::home
[19:28:58] [INFO] UserController::lobby
[19:28:58] [INFO] SQL: SELECT * FROM users WHERE id = ? [1]
[19:29:01] [INFO] UserController::perfil
[19:29:01] [INFO] SQL: SELECT * FROM users WHERE id = ? [1]
[19:29:01] [INFO] SQL: SELECT COUNT(*) AS ganadas FROM partidas WHERE usuario_id = ? AND puntaje = ? [1, 4]
[19:29:01] [INFO] UserController::qr
[19:29:01] [INFO] UserController::home
[19:29:01] [INFO] UserController::lobby
[19:29:01] [INFO] SQL: SELECT * FROM users WHERE id = ? [1]
[19:29:02] [INFO] UserController::eliminarFotoPerfil
[19:29:02] [INFO] SQL: SELECT * FROM users WHERE id = ? [1]
[19:29:02] [INFO] SQL: UPDATE users SET nombre_completo = ?, anio_nacimiento = ?, sexo = ?, pais = ?, ciudad = ?, foto_perfil = ? WHERE id = ?
[19:29:02] [INFO] UserController::perfil
[19:29:02] [INFO] SQL: SELECT * FROM users WHERE id = ? [1]
[19:29:02] [INFO] SQL: SELECT COUNT(*) AS ganadas FROM partidas WHERE usuario_id = ? AND puntaje = ? [1, 4]
[19:29:02] [INFO] UserController::qr
[19:29:02] [INFO] UserController::home
[19:29:02] [INFO] UserController::lobby
[19:29:02] [INFO] SQL: SELECT * FROM users WHERE id = ? [1]
[19:29:05] [INFO] UserController::logout
[19:29:05] [INFO] UserController::home
[19:29:05] [INFO] UserController::login (form)
[19:29:05] [INFO] UserController::login (form)
[19:29:06] [INFO] UserController::login (form)
[19:29:07] [INFO] UserController::procesarLogin
[19:29:07] [INFO] SQL: SELECT * FROM users WHERE usuario = ? [asd1234]
[19:29:07] [INFO] UserController::procesarLogin - Login exitoso: asd1234
[19:29:07] [INFO] UserController::lobby
[19:29:07] [INFO] SQL: SELECT * FROM users WHERE id = ? [1]
[19:29:07] [INFO] UserController::home
[19:29:07] [INFO] UserController::lobby
[19:29:07] [INFO] SQL: SELECT * FROM users WHERE id = ? [1]
[19:29:10] [INFO] UserController::home
[19:29:10] [INFO] UserController::lobby
[19:29:10] [INFO] SQL: SELECT * FROM users WHERE id = ? [1]
[19:29:17] [INFO] UserController::home
[19:29:17] [INFO] UserController::lobby
[19:29:17] [INFO] SQL: SELECT * FROM users WHERE id = ? [1]
[19:29:19] [INFO] UserController::lobby
[19:29:19] [INFO] SQL: SELECT * FROM users WHERE id = ? [1]
[19:29:20] [INFO] UserController::home
[19:29:20] [INFO] UserController::lobby
[19:29:20] [INFO] SQL: SELECT * FROM users WHERE id = ? [1]
[19:29:21] [INFO] UserController::perfil
[19:29:21] [INFO] SQL: SELECT * FROM users WHERE id = ? [1]
[19:29:21] [INFO] SQL: SELECT COUNT(*) AS ganadas FROM partidas WHERE usuario_id = ? AND puntaje = ? [1, 4]
[19:29:21] [INFO] UserController::qr
[19:29:21] [INFO] UserController::home
[19:29:21] [INFO] UserController::lobby
[19:29:21] [INFO] SQL: SELECT * FROM users WHERE id = ? [1]
[19:29:25] [INFO] UserController::cambiarFotoPerfil
[19:29:25] [INFO] SQL: SELECT * FROM users WHERE id = ? [1]
[19:29:25] [INFO] SQL: UPDATE users SET nombre_completo = ?, anio_nacimiento = ?, sexo = ?, pais = ?, ciudad = ?, foto_perfil = ? WHERE id = ?
[19:29:25] [INFO] UserController::perfil
[19:29:25] [INFO] SQL: SELECT * FROM users WHERE id = ? [1]
[19:29:25] [INFO] SQL: SELECT COUNT(*) AS ganadas FROM partidas WHERE usuario_id = ? AND puntaje = ? [1, 4]
[19:29:25] [INFO] UserController::qr
[19:29:25] [INFO] UserController::home
[19:29:25] [INFO] UserController::lobby
[19:29:25] [INFO] SQL: SELECT * FROM users WHERE id = ? [1]
[19:29:27] [INFO] UserController::lobby
[19:29:27] [INFO] SQL: SELECT * FROM users WHERE id = ? [1]
[19:29:28] [INFO] UserController::home
[19:29:28] [INFO] UserController::lobby
[19:29:28] [INFO] SQL: SELECT * FROM users WHERE id = ? [1]
[19:29:29] [INFO] UserController::home
[19:29:29] [INFO] UserController::lobby
[19:29:29] [INFO] SQL: SELECT * FROM users WHERE id = ? [1]
[19:29:37] [INFO] UserController::home
[19:29:37] [INFO] UserController::lobby
[19:29:37] [INFO] SQL: SELECT * FROM users WHERE id = ? [1]
[19:29:38] [INFO] UserController::lobby
[19:29:38] [INFO] SQL: SELECT * FROM users WHERE id = ? [1]
[19:29:39] [INFO] UserController::home
[19:29:39] [INFO] UserController::lobby
[19:29:39] [INFO] SQL: SELECT * FROM users WHERE id = ? [1]
[19:29:40] [INFO] UserController::perfil
[19:29:40] [INFO] SQL: SELECT * FROM users WHERE id = ? [1]
[19:29:40] [INFO] SQL: SELECT COUNT(*) AS ganadas FROM partidas WHERE usuario_id = ? AND puntaje = ? [1, 4]
[19:29:40] [INFO] UserController::qr
[19:29:40] [INFO] UserController::home
[19:29:40] [INFO] UserController::lobby
[19:29:40] [INFO] SQL: SELECT * FROM users WHERE id = ? [1]
[19:29:41] [INFO] UserController::editarPerfil
[19:29:41] [INFO] SQL: SELECT * FROM users WHERE id = ? [1]
[19:29:41] [INFO] UserController::home
[19:29:41] [INFO] UserController::lobby
[19:29:41] [INFO] SQL: SELECT * FROM users WHERE id = ? [1]
[19:29:43] [INFO] UserController::perfil
[19:29:43] [INFO] SQL: SELECT * FROM users WHERE id = ? [1]
[19:29:43] [INFO] SQL: SELECT COUNT(*) AS ganadas FROM partidas WHERE usuario_id = ? AND puntaje = ? [1, 4]
[19:29:43] [INFO] UserController::qr
[19:29:44] [INFO] UserController::home
[19:29:44] [INFO] UserController::lobby
[19:29:44] [INFO] SQL: SELECT * FROM users WHERE id = ? [1]
[19:29:44] [INFO] UserController::logout
[19:29:44] [INFO] UserController::home
[19:29:45] [INFO] UserController::login (form)
[19:29:46] [INFO] UserController::login (form)
[19:29:46] [INFO] UserController::login (form)
[19:29:47] [INFO] UserController::procesarLogin
[19:29:47] [INFO] SQL: SELECT * FROM users WHERE usuario = ? [Admin]
[19:29:47] [INFO] UserController::procesarLogin - Login exitoso: Admin
[19:29:47] [INFO] AdminController::dashboard
[19:29:48] [INFO] AdminController::dashboard
[22:38:14] [INFO] UserController::login (form)
[22:38:15] [INFO] UserController::login (form)
[22:38:16] [INFO] UserController::procesarLogin
[22:38:16] [INFO] SQL: SELECT * FROM users WHERE usuario = ? [lucasm]
[22:38:16] [WARNING] UserController::procesarLogin - Credenciales inválidas: lucasm
[22:38:16] [INFO] UserController::login (form)
[22:38:23] [INFO] UserController::procesarLogin
[22:38:23] [INFO] SQL: SELECT * FROM users WHERE usuario = ? [lucasm]
[22:38:23] [INFO] UserController::procesarLogin - Login exitoso: lucasm
[22:38:23] [INFO] UserController::lobby
[22:38:23] [INFO] SQL: SELECT * FROM users WHERE id = ? [1]
[22:38:24] [INFO] UserController::home
[22:38:24] [INFO] UserController::lobby
[22:38:24] [INFO] SQL: SELECT * FROM users WHERE id = ? [1]
[22:38:29] [INFO] UserController::perfil
[22:38:29] [INFO] SQL: SELECT * FROM users WHERE id = ? [1]
[22:38:29] [INFO] SQL: SELECT COUNT(*) AS ganadas FROM partidas WHERE usuario_id = ? AND puntaje = ? [1, 4]
[22:38:29] [INFO] UserController::qr
[22:38:29] [INFO] UserController::home
[22:38:29] [INFO] UserController::lobby
[22:38:29] [INFO] SQL: SELECT * FROM users WHERE id = ? [1]
[22:38:30] [INFO] UserController::editarPerfil
[22:38:30] [INFO] SQL: SELECT * FROM users WHERE id = ? [1]
[22:38:30] [INFO] UserController::home
[22:38:30] [INFO] UserController::lobby
[22:38:30] [INFO] SQL: SELECT * FROM users WHERE id = ? [1]
[22:38:32] [INFO] UserController::perfil
[22:38:32] [INFO] SQL: SELECT * FROM users WHERE id = ? [1]
[22:38:32] [INFO] SQL: SELECT COUNT(*) AS ganadas FROM partidas WHERE usuario_id = ? AND puntaje = ? [1, 4]
[22:38:32] [INFO] UserController::qr
[22:38:32] [INFO] UserController::home
[22:38:32] [INFO] UserController::lobby
[22:38:32] [INFO] SQL: SELECT * FROM users WHERE id = ? [1]
[22:38:35] [INFO] UserController::lobby
[22:38:35] [INFO] SQL: SELECT * FROM users WHERE id = ? [1]
[22:38:35] [INFO] UserController::home
[22:38:35] [INFO] UserController::lobby
[22:38:35] [INFO] SQL: SELECT * FROM users WHERE id = ? [1]
[22:38:40] [INFO] UserController::home
[22:38:40] [INFO] UserController::lobby
[22:38:40] [INFO] SQL: SELECT * FROM users WHERE id = ? [1]
[22:39:05] [INFO] UserController::home
[22:39:05] [INFO] UserController::lobby
[22:39:05] [INFO] SQL: SELECT * FROM users WHERE id = ? [1]
[22:39:07] [INFO] UserController::lobby
[22:39:07] [INFO] SQL: SELECT * FROM users WHERE id = ? [1]
[22:39:07] [INFO] UserController::home
[22:39:07] [INFO] UserController::lobby
[22:39:07] [INFO] SQL: SELECT * FROM users WHERE id = ? [1]
[22:39:22] [INFO] UserController::perfil
[22:39:22] [INFO] SQL: SELECT * FROM users WHERE id = ? [1]
[22:39:22] [INFO] SQL: SELECT COUNT(*) AS ganadas FROM partidas WHERE usuario_id = ? AND puntaje = ? [1, 4]
[22:39:22] [INFO] UserController::qr
[22:39:23] [INFO] UserController::home
[22:39:23] [INFO] UserController::lobby
[22:39:23] [INFO] SQL: SELECT * FROM users WHERE id = ? [1]
[22:39:28] [INFO] UserController::cambiarFotoPerfil
[22:39:28] [INFO] SQL: SELECT * FROM users WHERE id = ? [1]
[22:39:28] [INFO] SQL: UPDATE users SET nombre_completo = ?, anio_nacimiento = ?, sexo = ?, pais = ?, ciudad = ?, foto_perfil = ? WHERE id = ?
[22:39:28] [INFO] UserController::perfil
[22:39:28] [INFO] SQL: SELECT * FROM users WHERE id = ? [1]
[22:39:28] [INFO] SQL: SELECT COUNT(*) AS ganadas FROM partidas WHERE usuario_id = ? AND puntaje = ? [1, 4]
[22:39:28] [INFO] UserController::qr
[22:39:28] [INFO] UserController::home
[22:39:28] [INFO] UserController::lobby
[22:39:28] [INFO] SQL: SELECT * FROM users WHERE id = ? [1]
[22:39:31] [INFO] UserController::eliminarFotoPerfil
[22:39:31] [INFO] SQL: SELECT * FROM users WHERE id = ? [1]
[22:39:31] [INFO] SQL: UPDATE users SET nombre_completo = ?, anio_nacimiento = ?, sexo = ?, pais = ?, ciudad = ?, foto_perfil = ? WHERE id = ?
[22:39:31] [INFO] UserController::perfil
[22:39:31] [INFO] SQL: SELECT * FROM users WHERE id = ? [1]
[22:39:31] [INFO] SQL: SELECT COUNT(*) AS ganadas FROM partidas WHERE usuario_id = ? AND puntaje = ? [1, 4]
[22:39:31] [INFO] UserController::qr
[22:39:31] [INFO] UserController::home
[22:39:31] [INFO] UserController::lobby
[22:39:31] [INFO] SQL: SELECT * FROM users WHERE id = ? [1]
