[02:16:06] [INFO] UserController::home
[02:23:21] [INFO] UserController::home
[02:24:01] [INFO] UserController::home
[02:24:01] [INFO] UserController::home
[02:24:44] [INFO] UserController::home
[02:25:33] [INFO] UserController::registro (form)
[02:26:59] [INFO] UserController::home
[02:27:05] [INFO] UserController::home
[02:27:05] [INFO] UserController::home
[02:27:06] [INFO] UserController::home
[02:27:06] [INFO] UserController::home
[02:27:06] [INFO] UserController::home
[02:27:06] [INFO] UserController::home
[02:27:26] [INFO] UserController::home
[02:27:47] [INFO] UserController::home
[02:27:56] [INFO] UserController::home
[02:27:56] [INFO] UserController::home
[02:28:20] [INFO] UserController::home
[02:28:22] [INFO] UserController::home
[02:28:38] [INFO] UserController::home
[02:32:20] [INFO] UserController::registro (form)
[02:32:51] [INFO] UserController::home
[02:35:18] [INFO] UserController::home
[02:35:50] [INFO] UserController::home
[02:36:25] [INFO] UserController::home
[02:39:09] [INFO] UserController::registro (form)
[02:44:20] [INFO] UserController::registro (form)
[02:44:20] [INFO] UserController::registro (form)
[02:44:28] [INFO] UserController::home
[02:45:38] [INFO] UserController::registro (form)
[02:45:40] [INFO] UserController::registro (form)
[02:45:43] [INFO] UserController::registro (form)
[02:45:44] [INFO] UserController::login (form)
[02:46:00] [INFO] UserController::home
[02:46:01] [INFO] UserController::home
[02:46:02] [INFO] UserController::login (form)
[02:46:04] [INFO] UserController::registro (form)
[02:56:52] [INFO] UserController::home
[02:56:54] [INFO] UserController::login (form)
[03:00:07] [INFO] UserController::home
[03:00:09] [INFO] UserController::registro (form)
[03:00:36] [INFO] UserController::procesarRegistro
[03:00:36] [INFO] SQL: SELECT * FROM users WHERE email = ? [lucasmarron25@gmail.com]
[03:00:36] [INFO] SQL: SELECT * FROM users WHERE usuario = ? [marron]
[03:00:36] [INFO] SQL: INSERT INTO users (nombre_completo, anio_nacimiento, sexo, pais, ciudad, email, password, usuario, foto_perfil, validado) 
                VALUES (?, ?, ?, ?, ?, ?, ?, ?, ?, FALSE)
[03:00:36] [INFO] SQL: UPDATE users SET validado = TRUE WHERE email = ? [lucasmarron25@gmail.com]
[03:00:36] [INFO] UserController::procesarRegistro - Usuario registrado: marron
[03:00:36] [INFO] UserController::login (form)
[03:00:39] [INFO] UserController::procesarLogin
[03:00:39] [INFO] SQL: SELECT * FROM users WHERE usuario = ? AND validado = TRUE [marron]
[03:00:39] [INFO] UserController::procesarLogin - Login exitoso: marron
[03:00:39] [INFO] UserController::perfil
[03:00:39] [INFO] SQL: SELECT * FROM users WHERE id = ? [1]
[03:00:56] [INFO] UserController::lobby
[03:00:56] [INFO] SQL: SELECT * FROM users WHERE id = ? [1]
[03:00:56] [INFO] SQL: SELECT id, nombre_completo, usuario, puntaje FROM users ORDER BY puntaje DESC
