[22:14:10] [INFO] UserController::login (form)
[22:14:13] [INFO] UserController::procesarLogin
[22:14:13] [INFO] SQL: SELECT * FROM users WHERE usuario = ? [asd123]
[22:14:13] [INFO] UserController::procesarLogin - Login exitoso: asd123
[22:14:13] [INFO] UserController::perfil
[22:14:13] [INFO] SQL: SELECT * FROM users WHERE id = ? [1]
[22:14:13] [INFO] SQL: SELECT COUNT(*) AS ganadas FROM partidas WHERE usuario_id = ? AND puntaje = ? [1, 10]
[22:14:20] [INFO] UserController::lobby
[22:14:20] [INFO] SQL: SELECT * FROM users WHERE id = ? [1]
[22:14:20] [INFO] SQL: SELECT id, nombre_completo, usuario, puntaje FROM users ORDER BY puntaje DESC
[22:14:27] [INFO] UserController::perfil
[22:14:27] [INFO] SQL: SELECT * FROM users WHERE id = ? [1]
[22:14:27] [INFO] SQL: SELECT COUNT(*) AS ganadas FROM partidas WHERE usuario_id = ? AND puntaje = ? [1, 10]
[22:15:10] [INFO] UserController::lobby
[22:15:10] [INFO] SQL: SELECT * FROM users WHERE id = ? [1]
[22:15:10] [INFO] SQL: SELECT id, nombre_completo, usuario, puntaje FROM users ORDER BY puntaje DESC
[22:15:14] [INFO] UserController::perfil
[22:15:14] [INFO] SQL: SELECT * FROM users WHERE id = ? [1]
[22:15:14] [INFO] SQL: SELECT COUNT(*) AS ganadas FROM partidas WHERE usuario_id = ? AND puntaje = ? [1, 10]
[22:16:28] [INFO] UserController::editarPerfil
[22:16:28] [INFO] SQL: SELECT * FROM users WHERE id = ? [1]
[22:16:31] [INFO] UserController::perfil
[22:16:31] [INFO] SQL: SELECT * FROM users WHERE id = ? [1]
[22:16:31] [INFO] SQL: SELECT COUNT(*) AS ganadas FROM partidas WHERE usuario_id = ? AND puntaje = ? [1, 10]
[22:19:34] [INFO] UserController::perfil
[22:19:34] [INFO] SQL: SELECT * FROM users WHERE id = ? [1]
[22:19:34] [INFO] SQL: SELECT COUNT(*) AS ganadas FROM partidas WHERE usuario_id = ? AND puntaje = ? [1, 10]
[22:23:48] [INFO] UserController::perfil
[22:23:48] [INFO] SQL: SELECT * FROM users WHERE id = ? [1]
[22:23:48] [INFO] SQL: SELECT COUNT(*) AS ganadas FROM partidas WHERE usuario_id = ? AND puntaje = ? [1, 10]
[22:24:06] [INFO] UserController::perfil
[22:24:06] [INFO] SQL: SELECT * FROM users WHERE id = ? [1]
[22:24:06] [INFO] SQL: SELECT COUNT(*) AS ganadas FROM partidas WHERE usuario_id = ? AND puntaje = ? [1, 10]
[22:24:13] [INFO] UserController::perfil
[22:24:13] [INFO] SQL: SELECT * FROM users WHERE id = ? [1]
[22:24:13] [INFO] SQL: SELECT COUNT(*) AS ganadas FROM partidas WHERE usuario_id = ? AND puntaje = ? [1, 10]
[22:24:27] [INFO] UserController::perfil
[22:24:27] [INFO] SQL: SELECT * FROM users WHERE id = ? [1]
[22:24:27] [INFO] SQL: SELECT COUNT(*) AS ganadas FROM partidas WHERE usuario_id = ? AND puntaje = ? [1, 10]
[22:24:47] [INFO] UserController::perfil
[22:24:47] [INFO] SQL: SELECT * FROM users WHERE id = ? [1]
[22:24:47] [INFO] SQL: SELECT COUNT(*) AS ganadas FROM partidas WHERE usuario_id = ? AND puntaje = ? [1, 10]
[22:25:22] [INFO] UserController::lobby
[22:25:22] [INFO] SQL: SELECT * FROM users WHERE id = ? [1]
[22:25:22] [INFO] SQL: SELECT id, nombre_completo, usuario, puntaje FROM users ORDER BY puntaje DESC
[22:25:25] [INFO] UserController::perfil
[22:25:25] [INFO] SQL: SELECT * FROM users WHERE id = ? [1]
[22:25:25] [INFO] SQL: SELECT COUNT(*) AS ganadas FROM partidas WHERE usuario_id = ? AND puntaje = ? [1, 10]
[22:25:28] [INFO] UserController::lobby
[22:25:28] [INFO] SQL: SELECT * FROM users WHERE id = ? [1]
[22:25:28] [INFO] SQL: SELECT id, nombre_completo, usuario, puntaje FROM users ORDER BY puntaje DESC
[22:25:58] [INFO] UserController::lobby
[22:25:58] [INFO] SQL: SELECT * FROM users WHERE id = ? [1]
[22:25:58] [INFO] SQL: SELECT id, nombre_completo, usuario, puntaje FROM users ORDER BY puntaje DESC
[22:26:21] [INFO] UserController::lobby
[22:26:21] [INFO] SQL: SELECT * FROM users WHERE id = ? [1]
[22:26:21] [INFO] SQL: SELECT id, nombre_completo, usuario, puntaje FROM users ORDER BY puntaje DESC
[22:29:32] [INFO] UserController::lobby
[22:29:32] [INFO] SQL: SELECT * FROM users WHERE id = ? [1]
[22:29:32] [INFO] SQL: SELECT id, nombre_completo, usuario, puntaje FROM users ORDER BY puntaje DESC
[22:29:59] [INFO] UserController::lobby
[22:29:59] [INFO] SQL: SELECT * FROM users WHERE id = ? [1]
[22:29:59] [INFO] SQL: SELECT id, nombre_completo, usuario, puntaje FROM users ORDER BY puntaje DESC
[22:33:08] [INFO] UserController::lobby
[22:33:08] [INFO] SQL: SELECT * FROM users WHERE id = ? [1]
[22:33:08] [INFO] SQL: SELECT id, nombre_completo, usuario, puntaje FROM users ORDER BY puntaje DESC
[22:33:58] [INFO] UserController::lobby
[22:33:58] [INFO] SQL: SELECT * FROM users WHERE id = ? [1]
[22:33:58] [INFO] SQL: SELECT id, nombre_completo, usuario, puntaje FROM users ORDER BY puntaje DESC
[22:34:27] [INFO] UserController::lobby
[22:34:27] [INFO] SQL: SELECT * FROM users WHERE id = ? [1]
[22:34:27] [INFO] SQL: SELECT id, nombre_completo, usuario, puntaje FROM users ORDER BY puntaje DESC
