[21:45:44] [INFO] UserController::home
[21:45:47] [INFO] UserController::login (form)
[21:45:48] [INFO] UserController::procesarLogin
[21:45:48] [INFO] SQL: SELECT * FROM users WHERE usuario = ? AND validado = TRUE [marron]
[21:45:48] [INFO] UserController::procesarLogin - Login exitoso: marron
[21:45:48] [INFO] UserController::perfil
[21:45:48] [INFO] SQL: SELECT * FROM users WHERE id = ? [1]
[21:45:54] [INFO] UserController::home
[21:46:34] [INFO] UserController::login (form)
[21:46:34] [INFO] UserController::procesarLogin
[21:46:34] [INFO] SQL: SELECT * FROM users WHERE usuario = ? AND validado = TRUE [marron]
[21:46:34] [INFO] UserController::procesarLogin - Login exitoso: marron
[21:46:34] [INFO] UserController::perfil
[21:46:34] [INFO] SQL: SELECT * FROM users WHERE id = ? [1]
[21:46:36] [INFO] UserController::lobby
[21:46:36] [INFO] SQL: SELECT * FROM users WHERE id = ? [1]
[21:46:36] [INFO] SQL: SELECT id, nombre_completo, usuario, puntaje FROM users ORDER BY puntaje DESC
[21:47:15] [INFO] UserController::home
[21:55:36] [INFO] UserController::home
[21:55:39] [INFO] UserController::login (form)
[21:55:44] [INFO] UserController::procesarLogin
[21:55:44] [INFO] SQL: SELECT * FROM users WHERE usuario = ? AND validado = TRUE [marron]
[21:55:44] [INFO] UserController::procesarLogin - Login exitoso: marron
[21:55:44] [INFO] UserController::perfil
[21:55:44] [INFO] SQL: SELECT * FROM users WHERE id = ? [1]
[22:07:42] [INFO] UserController::perfil
[22:07:42] [INFO] SQL: SELECT * FROM users WHERE id = ? [1]
[22:07:44] [INFO] UserController::home
[22:07:46] [INFO] UserController::login (form)
[22:07:47] [INFO] UserController::procesarLogin
[22:07:47] [INFO] SQL: SELECT * FROM users WHERE usuario = ? AND validado = TRUE [marron]
[22:07:47] [INFO] UserController::procesarLogin - Login exitoso: marron
[22:07:47] [INFO] UserController::perfil
[22:07:47] [INFO] SQL: SELECT * FROM users WHERE id = ? [1]
[22:07:48] [INFO] UserController::editarPerfil
[22:07:48] [INFO] SQL: SELECT * FROM users WHERE id = ? [1]
[22:07:58] [INFO] UserController::procesarEdicion
[22:07:58] [INFO] SQL: UPDATE users SET nombre_completo = ?, año_nacimiento = ?, sexo = ?, pais = ?, ciudad = ?, foto_perfil = ? WHERE id = ?
[22:07:58] [INFO] UserController::procesarEdicion - Perfil actualizado para ID: 1
[22:07:58] [INFO] UserController::perfil
[22:07:58] [INFO] SQL: SELECT * FROM users WHERE id = ? [1]
[22:08:02] [INFO] UserController::editarPerfil
[22:08:02] [INFO] SQL: SELECT * FROM users WHERE id = ? [1]
[22:08:05] [INFO] UserController::procesarEdicion
[22:08:05] [INFO] SQL: UPDATE users SET nombre_completo = ?, año_nacimiento = ?, sexo = ?, pais = ?, ciudad = ?, foto_perfil = ? WHERE id = ?
[22:08:05] [INFO] UserController::procesarEdicion - Perfil actualizado para ID: 1
[22:08:05] [INFO] UserController::perfil
[22:08:05] [INFO] SQL: SELECT * FROM users WHERE id = ? [1]
[22:08:07] [INFO] UserController::editarPerfil
[22:08:07] [INFO] SQL: SELECT * FROM users WHERE id = ? [1]
[22:08:10] [INFO] UserController::perfil
[22:08:10] [INFO] SQL: SELECT * FROM users WHERE id = ? [1]
[22:08:11] [INFO] UserController::editarPerfil
[22:08:11] [INFO] SQL: SELECT * FROM users WHERE id = ? [1]
[22:08:17] [INFO] UserController::home
[22:08:18] [INFO] UserController::login (form)
[22:08:19] [INFO] UserController::home
[22:08:21] [INFO] UserController::home
[22:08:22] [INFO] UserController::login (form)
[22:08:23] [INFO] UserController::procesarLogin
[22:08:23] [INFO] SQL: SELECT * FROM users WHERE usuario = ? AND validado = TRUE [marron]
[22:08:23] [INFO] UserController::procesarLogin - Login exitoso: marron
[22:08:23] [INFO] UserController::perfil
[22:08:23] [INFO] SQL: SELECT * FROM users WHERE id = ? [1]
[22:10:06] [INFO] UserController::perfil
[22:10:06] [INFO] SQL: SELECT * FROM users WHERE id = ? [1]
[22:10:07] [INFO] UserController::editarPerfil
[22:10:07] [INFO] SQL: SELECT * FROM users WHERE id = ? [1]
[22:10:16] [INFO] UserController::perfil
[22:10:16] [INFO] SQL: SELECT * FROM users WHERE id = ? [1]
[22:10:18] [INFO] UserController::editarPerfil
[22:10:18] [INFO] SQL: SELECT * FROM users WHERE id = ? [1]
[22:10:21] [INFO] UserController::perfil
[22:10:21] [INFO] SQL: SELECT * FROM users WHERE id = ? [1]
[22:13:44] [INFO] UserController::perfil
[22:13:44] [INFO] SQL: SELECT * FROM users WHERE id = ? [1]
[22:13:46] [INFO] UserController::home
[22:13:46] [INFO] UserController::lobby
[22:13:46] [INFO] SQL: SELECT * FROM users WHERE id = ? [1]
[22:13:46] [INFO] SQL: SELECT id, nombre_completo, usuario, puntaje FROM users ORDER BY puntaje DESC
[22:13:49] [INFO] UserController::logout
[22:13:49] [INFO] UserController::home
[22:13:51] [INFO] UserController::login (form)
[22:13:57] [INFO] UserController::procesarLogin
[22:13:57] [INFO] SQL: SELECT * FROM users WHERE usuario = ? AND validado = TRUE [marron]
[22:13:57] [WARNING] UserController::procesarLogin - Credenciales inválidas: marron
